[debug] [2025-06-21T23:49:12.306Z] ----------------------------------------------------------------------
[debug] [2025-06-21T23:49:12.327Z] Command:       /Users/dev/.nvm/versions/node/v20.17.0/bin/node /Users/dev/.nvm/versions/node/v20.17.0/bin/firebase deploy --only functions
[debug] [2025-06-21T23:49:12.327Z] CLI Version:   14.8.0
[debug] [2025-06-21T23:49:12.327Z] Platform:      darwin
[debug] [2025-06-21T23:49:12.327Z] Node Version:  v20.17.0
[debug] [2025-06-21T23:49:12.327Z] Time:          Sun Jun 22 2025 04:49:12 GMT+0500 (Pakistan Standard Time)
[debug] [2025-06-21T23:49:12.327Z] ----------------------------------------------------------------------
[debug] 
[debug] [2025-06-21T23:49:12.485Z] > command requires scopes: ["email","openid","https://www.googleapis.com/auth/cloudplatformprojects.readonly","https://www.googleapis.com/auth/firebase","https://www.googleapis.com/auth/cloud-platform"]
[debug] [2025-06-21T23:49:12.485Z] > authorizing via signed-in user (sweetrajput181@gmail.com)
[debug] [2025-06-21T23:49:12.486Z] [iam] checking project shepherd-c74ad for permissions ["cloudfunctions.functions.create","cloudfunctions.functions.delete","cloudfunctions.functions.get","cloudfunctions.functions.list","cloudfunctions.functions.update","cloudfunctions.operations.get","firebase.projects.get"]
[debug] [2025-06-21T23:49:12.486Z] Checked if tokens are valid: true, expires at: 1750553308040
[debug] [2025-06-21T23:49:12.486Z] Checked if tokens are valid: true, expires at: 1750553308040
[debug] [2025-06-21T23:49:12.487Z] >>> [apiv2][query] POST https://cloudresourcemanager.googleapis.com/v1/projects/shepherd-c74ad:testIamPermissions [none]
[debug] [2025-06-21T23:49:12.487Z] >>> [apiv2][(partial)header] POST https://cloudresourcemanager.googleapis.com/v1/projects/shepherd-c74ad:testIamPermissions x-goog-quota-user=projects/shepherd-c74ad
[debug] [2025-06-21T23:49:12.487Z] >>> [apiv2][body] POST https://cloudresourcemanager.googleapis.com/v1/projects/shepherd-c74ad:testIamPermissions {"permissions":["cloudfunctions.functions.create","cloudfunctions.functions.delete","cloudfunctions.functions.get","cloudfunctions.functions.list","cloudfunctions.functions.update","cloudfunctions.operations.get","firebase.projects.get"]}
[debug] [2025-06-21T23:49:14.139Z] <<< [apiv2][status] POST https://cloudresourcemanager.googleapis.com/v1/projects/shepherd-c74ad:testIamPermissions 200
[debug] [2025-06-21T23:49:14.140Z] <<< [apiv2][body] POST https://cloudresourcemanager.googleapis.com/v1/projects/shepherd-c74ad:testIamPermissions {"permissions":["cloudfunctions.functions.create","cloudfunctions.functions.delete","cloudfunctions.functions.get","cloudfunctions.functions.list","cloudfunctions.functions.update","cloudfunctions.operations.get","firebase.projects.get"]}
[debug] [2025-06-21T23:49:14.141Z] Checked if tokens are valid: true, expires at: 1750553308040
[debug] [2025-06-21T23:49:14.141Z] Checked if tokens are valid: true, expires at: 1750553308040
[debug] [2025-06-21T23:49:14.142Z] >>> [apiv2][query] POST https://iam.googleapis.com/v1/projects/shepherd-c74ad/serviceAccounts/shepherd-c74ad@appspot.gserviceaccount.com:testIamPermissions [none]
[debug] [2025-06-21T23:49:14.142Z] >>> [apiv2][body] POST https://iam.googleapis.com/v1/projects/shepherd-c74ad/serviceAccounts/shepherd-c74ad@appspot.gserviceaccount.com:testIamPermissions {"permissions":["iam.serviceAccounts.actAs"]}
[debug] [2025-06-21T23:49:15.724Z] <<< [apiv2][status] POST https://iam.googleapis.com/v1/projects/shepherd-c74ad/serviceAccounts/shepherd-c74ad@appspot.gserviceaccount.com:testIamPermissions 404
[debug] [2025-06-21T23:49:15.726Z] <<< [apiv2][body] POST https://iam.googleapis.com/v1/projects/shepherd-c74ad/serviceAccounts/shepherd-c74ad@appspot.gserviceaccount.com:testIamPermissions {"error":{"code":404,"message":"Unknown service account","status":"NOT_FOUND"}}
[debug] [2025-06-21T23:49:15.727Z] [functions] service account IAM check errored, deploy may fail: Request to https://iam.googleapis.com/v1/projects/shepherd-c74ad/serviceAccounts/shepherd-c74ad@appspot.gserviceaccount.com:testIamPermissions had HTTP Error: 404, Unknown service account {"name":"FirebaseError","children":[],"context":{"body":{"error":{"code":404,"message":"Unknown service account","status":"NOT_FOUND"}},"response":{"statusCode":404}},"exit":1,"message":"Request to https://iam.googleapis.com/v1/projects/shepherd-c74ad/serviceAccounts/shepherd-c74ad@appspot.gserviceaccount.com:testIamPermissions had HTTP Error: 404, Unknown service account","status":404}
[info] 
[info] === Deploying to 'shepherd-c74ad'...
[info] 
[info] i  deploying functions 
[info] Running command: npm --prefix "$RESOURCE_DIR" run build
[info] ✔  functions: Finished running predeploy script. 
[debug] [2025-06-21T23:49:20.379Z] Checked if tokens are valid: true, expires at: 1750553308040
[debug] [2025-06-21T23:49:20.379Z] Checked if tokens are valid: true, expires at: 1750553308040
[debug] [2025-06-21T23:49:20.380Z] >>> [apiv2][query] GET https://serviceusage.googleapis.com/v1/projects/shepherd-c74ad/services/cloudresourcemanager.googleapis.com [none]
[debug] [2025-06-21T23:49:20.380Z] >>> [apiv2][(partial)header] GET https://serviceusage.googleapis.com/v1/projects/shepherd-c74ad/services/cloudresourcemanager.googleapis.com x-goog-quota-user=projects/shepherd-c74ad
[debug] [2025-06-21T23:49:22.559Z] <<< [apiv2][status] GET https://serviceusage.googleapis.com/v1/projects/shepherd-c74ad/services/cloudresourcemanager.googleapis.com 200
[debug] [2025-06-21T23:49:22.559Z] <<< [apiv2][body] GET https://serviceusage.googleapis.com/v1/projects/shepherd-c74ad/services/cloudresourcemanager.googleapis.com [omitted]
[debug] [2025-06-21T23:49:23.174Z] Checked if tokens are valid: true, expires at: 1750553308040
[debug] [2025-06-21T23:49:23.174Z] Checked if tokens are valid: true, expires at: 1750553308040
[debug] [2025-06-21T23:49:23.174Z] >>> [apiv2][query] GET https://cloudresourcemanager.googleapis.com/v1/projects/shepherd-c74ad [none]
[debug] [2025-06-21T23:49:24.785Z] <<< [apiv2][status] GET https://cloudresourcemanager.googleapis.com/v1/projects/shepherd-c74ad 200
[debug] [2025-06-21T23:49:24.785Z] <<< [apiv2][body] GET https://cloudresourcemanager.googleapis.com/v1/projects/shepherd-c74ad {"projectNumber":"226457915179","projectId":"shepherd-c74ad","lifecycleState":"ACTIVE","name":"shepherd","labels":{"firebase":"enabled","firebase-core":"disabled"},"createTime":"2025-04-16T05:32:31.823362Z","parent":{"type":"organization","id":"523554172709"}}
[info] i  functions: preparing codebase default for deployment 
[info] i  functions: ensuring required API cloudfunctions.googleapis.com is enabled... 
[info] i  functions: ensuring required API cloudbuild.googleapis.com is enabled... 
[debug] [2025-06-21T23:49:24.787Z] Checked if tokens are valid: true, expires at: 1750553308040
[debug] [2025-06-21T23:49:24.787Z] Checked if tokens are valid: true, expires at: 1750553308040
[info] i  artifactregistry: ensuring required API artifactregistry.googleapis.com is enabled... 
[debug] [2025-06-21T23:49:24.787Z] Checked if tokens are valid: true, expires at: 1750553308040
[debug] [2025-06-21T23:49:24.787Z] Checked if tokens are valid: true, expires at: 1750553308040
[debug] [2025-06-21T23:49:24.787Z] >>> [apiv2][query] GET https://serviceusage.googleapis.com/v1/projects/shepherd-c74ad/services/cloudbuild.googleapis.com [none]
[debug] [2025-06-21T23:49:24.787Z] >>> [apiv2][(partial)header] GET https://serviceusage.googleapis.com/v1/projects/shepherd-c74ad/services/cloudbuild.googleapis.com x-goog-quota-user=projects/shepherd-c74ad
[debug] [2025-06-21T23:49:24.788Z] >>> [apiv2][query] GET https://serviceusage.googleapis.com/v1/projects/shepherd-c74ad/services/artifactregistry.googleapis.com [none]
[debug] [2025-06-21T23:49:24.788Z] >>> [apiv2][(partial)header] GET https://serviceusage.googleapis.com/v1/projects/shepherd-c74ad/services/artifactregistry.googleapis.com x-goog-quota-user=projects/shepherd-c74ad
[debug] [2025-06-21T23:49:26.255Z] <<< [apiv2][status] GET https://serviceusage.googleapis.com/v1/projects/shepherd-c74ad/services/cloudbuild.googleapis.com 200
[debug] [2025-06-21T23:49:26.255Z] <<< [apiv2][body] GET https://serviceusage.googleapis.com/v1/projects/shepherd-c74ad/services/cloudbuild.googleapis.com [omitted]
[warn] ⚠  functions: missing required API cloudbuild.googleapis.com. Enabling now... 
[debug] [2025-06-21T23:49:26.256Z] Checked if tokens are valid: true, expires at: 1750553308040
[debug] [2025-06-21T23:49:26.256Z] Checked if tokens are valid: true, expires at: 1750553308040
[debug] [2025-06-21T23:49:26.257Z] >>> [apiv2][query] POST https://serviceusage.googleapis.com/v1/projects/shepherd-c74ad/services/cloudbuild.googleapis.com:enable [none]
[debug] [2025-06-21T23:49:26.257Z] >>> [apiv2][(partial)header] POST https://serviceusage.googleapis.com/v1/projects/shepherd-c74ad/services/cloudbuild.googleapis.com:enable x-goog-quota-user=projects/shepherd-c74ad
[debug] [2025-06-21T23:49:26.535Z] <<< [apiv2][status] GET https://serviceusage.googleapis.com/v1/projects/shepherd-c74ad/services/artifactregistry.googleapis.com 200
[debug] [2025-06-21T23:49:26.536Z] <<< [apiv2][body] GET https://serviceusage.googleapis.com/v1/projects/shepherd-c74ad/services/artifactregistry.googleapis.com [omitted]
[warn] ⚠  artifactregistry: missing required API artifactregistry.googleapis.com. Enabling now... 
[debug] [2025-06-21T23:49:26.536Z] Checked if tokens are valid: true, expires at: 1750553308040
[debug] [2025-06-21T23:49:26.536Z] Checked if tokens are valid: true, expires at: 1750553308040
[debug] [2025-06-21T23:49:26.536Z] >>> [apiv2][query] POST https://serviceusage.googleapis.com/v1/projects/shepherd-c74ad/services/artifactregistry.googleapis.com:enable [none]
[debug] [2025-06-21T23:49:26.536Z] >>> [apiv2][(partial)header] POST https://serviceusage.googleapis.com/v1/projects/shepherd-c74ad/services/artifactregistry.googleapis.com:enable x-goog-quota-user=projects/shepherd-c74ad
[debug] [2025-06-21T23:49:27.134Z] <<< [apiv2][status] POST https://serviceusage.googleapis.com/v1/projects/shepherd-c74ad/services/cloudbuild.googleapis.com:enable 200
[debug] [2025-06-21T23:49:27.134Z] <<< [apiv2][body] POST https://serviceusage.googleapis.com/v1/projects/shepherd-c74ad/services/cloudbuild.googleapis.com:enable [omitted]
[debug] [2025-06-21T23:49:27.402Z] <<< [apiv2][status] POST https://serviceusage.googleapis.com/v1/projects/shepherd-c74ad/services/artifactregistry.googleapis.com:enable 200
[debug] [2025-06-21T23:49:27.402Z] <<< [apiv2][body] POST https://serviceusage.googleapis.com/v1/projects/shepherd-c74ad/services/artifactregistry.googleapis.com:enable [omitted]
[debug] [2025-06-21T23:49:37.424Z] Checked if tokens are valid: true, expires at: 1750553308040
[debug] [2025-06-21T23:49:37.439Z] Checked if tokens are valid: true, expires at: 1750553308040
[debug] [2025-06-21T23:49:37.440Z] >>> [apiv2][query] GET https://firebase.googleapis.com/v1beta1/projects/shepherd-c74ad/adminSdkConfig [none]
[debug] [2025-06-21T23:49:38.556Z] <<< [apiv2][status] GET https://firebase.googleapis.com/v1beta1/projects/shepherd-c74ad/adminSdkConfig 200
[debug] [2025-06-21T23:49:38.557Z] <<< [apiv2][body] GET https://firebase.googleapis.com/v1beta1/projects/shepherd-c74ad/adminSdkConfig {"projectId":"shepherd-c74ad","storageBucket":"shepherd-c74ad.firebasestorage.app"}
[debug] [2025-06-21T23:49:38.560Z] Checked if tokens are valid: true, expires at: 1750553308040
[debug] [2025-06-21T23:49:38.560Z] Checked if tokens are valid: true, expires at: 1750553308040
[debug] [2025-06-21T23:49:38.560Z] >>> [apiv2][query] GET https://runtimeconfig.googleapis.com/v1beta1/projects/shepherd-c74ad/configs [none]
[debug] [2025-06-21T23:49:39.378Z] <<< [apiv2][status] GET https://runtimeconfig.googleapis.com/v1beta1/projects/shepherd-c74ad/configs 200
[debug] [2025-06-21T23:49:39.378Z] <<< [apiv2][body] GET https://runtimeconfig.googleapis.com/v1beta1/projects/shepherd-c74ad/configs {}
[debug] [2025-06-21T23:49:39.389Z] Validating nodejs source
[warn] ⚠  functions: package.json indicates an outdated version of firebase-functions. Please upgrade using npm install --save firebase-functions@latest in your functions directory. 
[warn] ⚠  functions: Please note that there will be breaking changes when you upgrade. 
[debug] [2025-06-21T23:49:40.627Z] > [functions] package.json contents: {
  "name": "functions",
  "scripts": {
    "build": "tsc",
    "build:watch": "tsc --watch",
    "serve": "npm run build && firebase emulators:start --only functions",
    "shell": "npm run build && firebase functions:shell",
    "start": "npm run shell",
    "deploy": "firebase deploy --only functions",
    "logs": "firebase functions:log"
  },
  "engines": {
    "node": "22"
  },
  "main": "lib/index.js",
  "dependencies": {
    "firebase-admin": "^12.0.0",
    "firebase-functions": "^5.0.0"
  },
  "devDependencies": {
    "eslint-plugin-import": "^2.29.1",
    "firebase-functions-test": "^3.1.0",
    "typescript": "^5.1.6"
  },
  "private": true
}
[debug] [2025-06-21T23:49:40.627Z] Building nodejs source
[info] i  functions: Loading and analyzing source code for codebase default to determine what to deploy 
[debug] [2025-06-21T23:49:40.629Z] Could not find functions.yaml. Must use http discovery
[debug] [2025-06-21T23:49:40.639Z] Found firebase-functions binary at '/Users/dev/Documents/Projects/own-project/shepherd-expo/functions/node_modules/.bin/firebase-functions'
[info] Serving at port 8242

[debug] [2025-06-21T23:49:42.929Z] Got response from /__/functions.yaml {"endpoints":{"sendDailyVerseUpdate":{"platform":"gcfv1","availableMemoryMb":null,"timeoutSeconds":null,"minInstances":null,"maxInstances":null,"ingressSettings":null,"serviceAccountEmail":null,"vpc":null,"scheduleTrigger":{"schedule":"every day 08:00","retryConfig":{"retryCount":null,"maxDoublings":null,"maxRetryDuration":null,"maxBackoffDuration":null,"minBackoffDuration":null},"timeZone":null},"labels":{},"entryPoint":"sendDailyVerseUpdate"}},"specVersion":"v1alpha1","requiredAPIs":[{"api":"cloudscheduler.googleapis.com","reason":"Needed for scheduled functions."}],"extensions":{}}
[info] i  extensions: ensuring required API firebaseextensions.googleapis.com is enabled... 
[debug] [2025-06-21T23:49:48.007Z] Checked if tokens are valid: true, expires at: 1750553308040
[debug] [2025-06-21T23:49:48.007Z] Checked if tokens are valid: true, expires at: 1750553308040
[debug] [2025-06-21T23:49:48.007Z] >>> [apiv2][query] GET https://serviceusage.googleapis.com/v1/projects/shepherd-c74ad/services/firebaseextensions.googleapis.com [none]
[debug] [2025-06-21T23:49:48.007Z] >>> [apiv2][(partial)header] GET https://serviceusage.googleapis.com/v1/projects/shepherd-c74ad/services/firebaseextensions.googleapis.com x-goog-quota-user=projects/shepherd-c74ad
[debug] [2025-06-21T23:49:49.824Z] <<< [apiv2][status] GET https://serviceusage.googleapis.com/v1/projects/shepherd-c74ad/services/firebaseextensions.googleapis.com 200
[debug] [2025-06-21T23:49:49.824Z] <<< [apiv2][body] GET https://serviceusage.googleapis.com/v1/projects/shepherd-c74ad/services/firebaseextensions.googleapis.com [omitted]
[info] ✔  extensions: required API firebaseextensions.googleapis.com is enabled 
[debug] [2025-06-21T23:49:49.850Z] > command requires scopes: ["email","openid","https://www.googleapis.com/auth/cloudplatformprojects.readonly","https://www.googleapis.com/auth/firebase","https://www.googleapis.com/auth/cloud-platform"]
[debug] [2025-06-21T23:49:49.850Z] > authorizing via signed-in user (sweetrajput181@gmail.com)
[debug] [2025-06-21T23:49:49.850Z] [iam] checking project shepherd-c74ad for permissions ["firebase.projects.get","firebaseextensions.instances.list"]
[debug] [2025-06-21T23:49:49.851Z] Checked if tokens are valid: true, expires at: 1750553308040
[debug] [2025-06-21T23:49:49.851Z] Checked if tokens are valid: true, expires at: 1750553308040
[debug] [2025-06-21T23:49:49.851Z] >>> [apiv2][query] POST https://cloudresourcemanager.googleapis.com/v1/projects/shepherd-c74ad:testIamPermissions [none]
[debug] [2025-06-21T23:49:49.851Z] >>> [apiv2][(partial)header] POST https://cloudresourcemanager.googleapis.com/v1/projects/shepherd-c74ad:testIamPermissions x-goog-quota-user=projects/shepherd-c74ad
[debug] [2025-06-21T23:49:49.851Z] >>> [apiv2][body] POST https://cloudresourcemanager.googleapis.com/v1/projects/shepherd-c74ad:testIamPermissions {"permissions":["firebase.projects.get","firebaseextensions.instances.list"]}
[debug] [2025-06-21T23:49:51.454Z] <<< [apiv2][status] POST https://cloudresourcemanager.googleapis.com/v1/projects/shepherd-c74ad:testIamPermissions 200
[debug] [2025-06-21T23:49:51.455Z] <<< [apiv2][body] POST https://cloudresourcemanager.googleapis.com/v1/projects/shepherd-c74ad:testIamPermissions {"permissions":["firebase.projects.get","firebaseextensions.instances.list"]}
[debug] [2025-06-21T23:49:51.455Z] Checked if tokens are valid: true, expires at: 1750553308040
[debug] [2025-06-21T23:49:51.455Z] Checked if tokens are valid: true, expires at: 1750553308040
[debug] [2025-06-21T23:49:51.456Z] >>> [apiv2][query] GET https://firebaseextensions.googleapis.com/v1beta/projects/shepherd-c74ad/instances pageSize=100&pageToken=
[debug] [2025-06-21T23:49:53.400Z] <<< [apiv2][status] GET https://firebaseextensions.googleapis.com/v1beta/projects/shepherd-c74ad/instances 200
[debug] [2025-06-21T23:49:53.400Z] <<< [apiv2][body] GET https://firebaseextensions.googleapis.com/v1beta/projects/shepherd-c74ad/instances {}
[info] i  functions: preparing functions directory for uploading... 
[info] i  functions: packaged /Users/dev/Documents/Projects/own-project/shepherd-expo/functions (92.85 KB) for uploading 
[debug] [2025-06-21T23:49:53.467Z] Checked if tokens are valid: true, expires at: 1750553308040
[debug] [2025-06-21T23:49:53.467Z] Checked if tokens are valid: true, expires at: 1750553308040
[debug] [2025-06-21T23:49:53.467Z] >>> [apiv2][query] GET https://cloudfunctions.googleapis.com/v1/projects/shepherd-c74ad/locations/-/functions [none]
[debug] [2025-06-21T23:49:54.627Z] <<< [apiv2][status] GET https://cloudfunctions.googleapis.com/v1/projects/shepherd-c74ad/locations/-/functions 200
[debug] [2025-06-21T23:49:54.628Z] <<< [apiv2][body] GET https://cloudfunctions.googleapis.com/v1/projects/shepherd-c74ad/locations/-/functions {}
[debug] [2025-06-21T23:49:54.628Z] Checked if tokens are valid: true, expires at: 1750553308040
[debug] [2025-06-21T23:49:54.628Z] Checked if tokens are valid: true, expires at: 1750553308040
[debug] [2025-06-21T23:49:54.629Z] >>> [apiv2][query] GET https://cloudfunctions.googleapis.com/v2/projects/shepherd-c74ad/locations/-/functions filter=environment%3D%22GEN_2%22
[debug] [2025-06-21T23:49:55.751Z] <<< [apiv2][status] GET https://cloudfunctions.googleapis.com/v2/projects/shepherd-c74ad/locations/-/functions 200
[debug] [2025-06-21T23:49:55.751Z] <<< [apiv2][body] GET https://cloudfunctions.googleapis.com/v2/projects/shepherd-c74ad/locations/-/functions {}
[info] i  functions: ensuring required API cloudscheduler.googleapis.com is enabled... 
[debug] [2025-06-21T23:49:55.753Z] Checked if tokens are valid: true, expires at: 1750553308040
[debug] [2025-06-21T23:49:55.753Z] Checked if tokens are valid: true, expires at: 1750553308040
[debug] [2025-06-21T23:49:55.753Z] >>> [apiv2][query] GET https://serviceusage.googleapis.com/v1/projects/226457915179/services/cloudscheduler.googleapis.com [none]
[debug] [2025-06-21T23:49:55.753Z] >>> [apiv2][(partial)header] GET https://serviceusage.googleapis.com/v1/projects/226457915179/services/cloudscheduler.googleapis.com x-goog-quota-user=projects/226457915179
[debug] [2025-06-21T23:49:57.459Z] <<< [apiv2][status] GET https://serviceusage.googleapis.com/v1/projects/226457915179/services/cloudscheduler.googleapis.com 200
[debug] [2025-06-21T23:49:57.459Z] <<< [apiv2][body] GET https://serviceusage.googleapis.com/v1/projects/226457915179/services/cloudscheduler.googleapis.com [omitted]
[warn] ⚠  functions: missing required API cloudscheduler.googleapis.com. Enabling now... 
[debug] [2025-06-21T23:49:57.460Z] Checked if tokens are valid: true, expires at: 1750553308040
[debug] [2025-06-21T23:49:57.460Z] Checked if tokens are valid: true, expires at: 1750553308040
[debug] [2025-06-21T23:49:57.460Z] >>> [apiv2][query] POST https://serviceusage.googleapis.com/v1/projects/226457915179/services/cloudscheduler.googleapis.com:enable [none]
[debug] [2025-06-21T23:49:57.460Z] >>> [apiv2][(partial)header] POST https://serviceusage.googleapis.com/v1/projects/226457915179/services/cloudscheduler.googleapis.com:enable x-goog-quota-user=projects/226457915179
[debug] [2025-06-21T23:49:58.313Z] <<< [apiv2][status] POST https://serviceusage.googleapis.com/v1/projects/226457915179/services/cloudscheduler.googleapis.com:enable 200
[debug] [2025-06-21T23:49:58.313Z] <<< [apiv2][body] POST https://serviceusage.googleapis.com/v1/projects/226457915179/services/cloudscheduler.googleapis.com:enable [omitted]
[debug] [2025-06-21T23:50:08.412Z] Checked if tokens are valid: true, expires at: 1750553308040
[debug] [2025-06-21T23:50:08.413Z] Checked if tokens are valid: true, expires at: 1750553308040
[debug] [2025-06-21T23:50:08.413Z] >>> [apiv2][query] GET https://cloudresourcemanager.googleapis.com/v1/projects/shepherd-c74ad [none]
[debug] [2025-06-21T23:50:10.042Z] <<< [apiv2][status] GET https://cloudresourcemanager.googleapis.com/v1/projects/shepherd-c74ad 200
[debug] [2025-06-21T23:50:10.042Z] <<< [apiv2][body] GET https://cloudresourcemanager.googleapis.com/v1/projects/shepherd-c74ad {"projectNumber":"226457915179","projectId":"shepherd-c74ad","lifecycleState":"ACTIVE","name":"shepherd","labels":{"firebase":"enabled","firebase-core":"disabled"},"createTime":"2025-04-16T05:32:31.823362Z","parent":{"type":"organization","id":"523554172709"}}
[debug] [2025-06-21T23:50:10.070Z] Checked if tokens are valid: true, expires at: 1750553308040
[debug] [2025-06-21T23:50:10.070Z] Checked if tokens are valid: true, expires at: 1750553308040
[debug] [2025-06-21T23:50:10.070Z] >>> [apiv2][query] GET https://cloudbilling.googleapis.com/v1/projects/shepherd-c74ad/billingInfo [none]
[debug] [2025-06-21T23:50:11.491Z] <<< [apiv2][status] GET https://cloudbilling.googleapis.com/v1/projects/shepherd-c74ad/billingInfo 200
[debug] [2025-06-21T23:50:11.491Z] <<< [apiv2][body] GET https://cloudbilling.googleapis.com/v1/projects/shepherd-c74ad/billingInfo {"name":"projects/shepherd-c74ad/billingInfo","projectId":"shepherd-c74ad","billingAccountName":"billingAccounts/0199CC-A21838-FE410D","billingEnabled":true}
[debug] [2025-06-21T23:50:11.495Z] Checked if tokens are valid: true, expires at: 1750553308040
[debug] [2025-06-21T23:50:11.495Z] Checked if tokens are valid: true, expires at: 1750553308040
[debug] [2025-06-21T23:50:11.495Z] >>> [apiv2][query] POST https://cloudfunctions.googleapis.com/v1/projects/shepherd-c74ad/locations/us-central1/functions:generateUploadUrl [none]
[debug] [2025-06-21T23:50:11.495Z] >>> [apiv2][body] POST https://cloudfunctions.googleapis.com/v1/projects/shepherd-c74ad/locations/us-central1/functions:generateUploadUrl {}
[debug] [2025-06-21T23:50:21.871Z] <<< [apiv2][status] POST https://cloudfunctions.googleapis.com/v1/projects/shepherd-c74ad/locations/us-central1/functions:generateUploadUrl 200
[debug] [2025-06-21T23:50:21.872Z] <<< [apiv2][body] POST https://cloudfunctions.googleapis.com/v1/projects/shepherd-c74ad/locations/us-central1/functions:generateUploadUrl {"uploadUrl":"https://storage.googleapis.com/uploads-522075584292.us-central1.cloudfunctions.appspot.com/a3be6fc2-8ab8-4ba9-a27d-5bb067d03e1d.zip?GoogleAccessId=service-226457915179@gcf-admin-robot.iam.gserviceaccount.com&Expires=1750551622&Signature=XbPq1BEgYSgUjZEMXt0YRBDLEQ%2B79sopg3Y3AiUSMKP4Mz%2BwmpLBS9IOhhxXB6SQVejrFTyueLLavsLOlAimr3wknaf8XbvxG%2FxgWqAAKHuQwe7SbrQFn0qyMT2PqiAvVQz9ODWnJnLdGwxc1vfegq2nhUmJWJH6IUOyYU2F0ayEn4i%2BozJDXEmgGaYOTfLeygNWcK%2BNxV2UA4N08hVWb%2BZuqSIpmt%2BBy4UiyOz4fS8ncGdUaqQb9ruJbBgN3vVOz%2FvvTrSt2xdumK8Cd28XENufDHXaESTGrxSmt58VKAMD0NADRkYCJtDMWERtlH3xaKBvvfB0mG%2FK01j9S61VcQ%3D%3D"}
[debug] [2025-06-21T23:50:21.876Z] >>> [apiv2][query] PUT https://storage.googleapis.com/uploads-522075584292.us-central1.cloudfunctions.appspot.com/a3be6fc2-8ab8-4ba9-a27d-5bb067d03e1d.zip GoogleAccessId=service-226457915179%40gcf-admin-robot.iam.gserviceaccount.com&Expires=1750551622&Signature=XbPq1BEgYSgUjZEMXt0YRBDLEQ%2B79sopg3Y3AiUSMKP4Mz%2BwmpLBS9IOhhxXB6SQVejrFTyueLLavsLOlAimr3wknaf8XbvxG%2FxgWqAAKHuQwe7SbrQFn0qyMT2PqiAvVQz9ODWnJnLdGwxc1vfegq2nhUmJWJH6IUOyYU2F0ayEn4i%2BozJDXEmgGaYOTfLeygNWcK%2BNxV2UA4N08hVWb%2BZuqSIpmt%2BBy4UiyOz4fS8ncGdUaqQb9ruJbBgN3vVOz%2FvvTrSt2xdumK8Cd28XENufDHXaESTGrxSmt58VKAMD0NADRkYCJtDMWERtlH3xaKBvvfB0mG%2FK01j9S61VcQ%3D%3D
[debug] [2025-06-21T23:50:21.876Z] >>> [apiv2][body] PUT https://storage.googleapis.com/uploads-522075584292.us-central1.cloudfunctions.appspot.com/a3be6fc2-8ab8-4ba9-a27d-5bb067d03e1d.zip [stream]
[debug] [2025-06-21T23:50:23.325Z] <<< [apiv2][status] PUT https://storage.googleapis.com/uploads-522075584292.us-central1.cloudfunctions.appspot.com/a3be6fc2-8ab8-4ba9-a27d-5bb067d03e1d.zip 200
[debug] [2025-06-21T23:50:23.325Z] <<< [apiv2][body] PUT https://storage.googleapis.com/uploads-522075584292.us-central1.cloudfunctions.appspot.com/a3be6fc2-8ab8-4ba9-a27d-5bb067d03e1d.zip [omitted]
[info] ✔  functions: functions folder uploaded successfully 
[info] i  functions: creating Node.js 22 (1st Gen) function sendDailyVerseUpdate(us-central1)... 
[debug] [2025-06-21T23:50:23.348Z] Checked if tokens are valid: true, expires at: 1750553308040
[debug] [2025-06-21T23:50:23.348Z] Checked if tokens are valid: true, expires at: 1750553308040
[debug] [2025-06-21T23:50:23.348Z] >>> [apiv2][query] POST https://cloudfunctions.googleapis.com/v1/projects/shepherd-c74ad/locations/us-central1/functions [none]
[debug] [2025-06-21T23:50:23.348Z] >>> [apiv2][body] POST https://cloudfunctions.googleapis.com/v1/projects/shepherd-c74ad/locations/us-central1/functions {"name":"projects/shepherd-c74ad/locations/us-central1/functions/sendDailyVerseUpdate","sourceUploadUrl":"https://storage.googleapis.com/uploads-522075584292.us-central1.cloudfunctions.appspot.com/a3be6fc2-8ab8-4ba9-a27d-5bb067d03e1d.zip?GoogleAccessId=service-226457915179@gcf-admin-robot.iam.gserviceaccount.com&Expires=1750551622&Signature=XbPq1BEgYSgUjZEMXt0YRBDLEQ%2B79sopg3Y3AiUSMKP4Mz%2BwmpLBS9IOhhxXB6SQVejrFTyueLLavsLOlAimr3wknaf8XbvxG%2FxgWqAAKHuQwe7SbrQFn0qyMT2PqiAvVQz9ODWnJnLdGwxc1vfegq2nhUmJWJH6IUOyYU2F0ayEn4i%2BozJDXEmgGaYOTfLeygNWcK%2BNxV2UA4N08hVWb%2BZuqSIpmt%2BBy4UiyOz4fS8ncGdUaqQb9ruJbBgN3vVOz%2FvvTrSt2xdumK8Cd28XENufDHXaESTGrxSmt58VKAMD0NADRkYCJtDMWERtlH3xaKBvvfB0mG%2FK01j9S61VcQ%3D%3D","entryPoint":"sendDailyVerseUpdate","runtime":"nodejs22","dockerRegistry":"ARTIFACT_REGISTRY","labels":{"deployment-tool":"cli-firebase","deployment-scheduled":"true","firebase-functions-hash":"58480d67aad91099137243676ed8f8bba9a03a43"},"eventTrigger":{"eventType":"google.pubsub.topic.publish","resource":"projects/shepherd-c74ad/topics/firebase-schedule-sendDailyVerseUpdate-us-central1"},"minInstances":null,"maxInstances":null,"ingressSettings":null,"environmentVariables":{"FIREBASE_CONFIG":"{\"projectId\":\"shepherd-c74ad\",\"storageBucket\":\"shepherd-c74ad.firebasestorage.app\"}","GCLOUD_PROJECT":"shepherd-c74ad","EVENTARC_CLOUD_EVENT_SOURCE":"projects/shepherd-c74ad/locations/us-central1/functions/sendDailyVerseUpdate"},"serviceAccountEmail":null,"availableMemoryMb":null,"timeout":null,"vpcConnector":null,"vpcConnectorEgressSettings":null,"buildEnvironmentVariables":{"GOOGLE_NODE_RUN_SCRIPTS":""}}
[debug] [2025-06-21T23:50:26.476Z] <<< [apiv2][status] POST https://cloudfunctions.googleapis.com/v1/projects/shepherd-c74ad/locations/us-central1/functions 400
[debug] [2025-06-21T23:50:26.476Z] <<< [apiv2][body] POST https://cloudfunctions.googleapis.com/v1/projects/shepherd-c74ad/locations/us-central1/functions {"error":{"code":400,"message":"Failed to create 1st Gen function projects/shepherd-c74ad/locations/us-central1/functions/sendDailyVerseUpdate: runtime: Runtime validation errors: [error_code: INVALID_RUNTIME\nmessage: \"Runtime \\\"nodejs22\\\" is not supported on GCF Gen1\"\n]","status":"INVALID_ARGUMENT"}}
[warn] ⚠  functions: failed to create function projects/shepherd-c74ad/locations/us-central1/functions/sendDailyVerseUpdate 
[error] Failed to create function projects/shepherd-c74ad/locations/us-central1/functions/sendDailyVerseUpdate
[debug] [2025-06-21T23:50:26.496Z] Total Function Deployment time: 3155
[debug] [2025-06-21T23:50:26.496Z] 1 Functions Deployed
[debug] [2025-06-21T23:50:26.496Z] 1 Functions Errored
[debug] [2025-06-21T23:50:26.496Z] 0 Function Deployments Aborted
[debug] [2025-06-21T23:50:26.496Z] Average Function Deployment time: 3151
[info] 
[info] Functions deploy had errors with the following functions:
	sendDailyVerseUpdate(us-central1)
[debug] [2025-06-21T23:50:26.970Z] Checked if tokens are valid: true, expires at: 1750553308040
[debug] [2025-06-21T23:50:26.971Z] Checked if tokens are valid: true, expires at: 1750553308040
[debug] [2025-06-21T23:50:26.971Z] >>> [apiv2][query] GET https://artifactregistry.googleapis.com/v1/projects/shepherd-c74ad/locations/us-central1/repositories/gcf-artifacts [none]
[debug] [2025-06-21T23:50:27.794Z] <<< [apiv2][status] GET https://artifactregistry.googleapis.com/v1/projects/shepherd-c74ad/locations/us-central1/repositories/gcf-artifacts 404
[debug] [2025-06-21T23:50:27.794Z] <<< [apiv2][body] GET https://artifactregistry.googleapis.com/v1/projects/shepherd-c74ad/locations/us-central1/repositories/gcf-artifacts {"error":{"code":404,"message":"Requested entity was not found.","status":"NOT_FOUND"}}
[debug] [2025-06-21T23:50:27.795Z] Failed to check artifact cleanup policy for region us-central1: Request to https://artifactregistry.googleapis.com/v1/projects/shepherd-c74ad/locations/us-central1/repositories/gcf-artifacts had HTTP Error: 404, Requested entity was not found. {"name":"FirebaseError","children":[],"context":{"body":{"error":{"code":404,"message":"Requested entity was not found.","status":"NOT_FOUND"}},"response":{"statusCode":404}},"exit":1,"message":"Request to https://artifactregistry.googleapis.com/v1/projects/shepherd-c74ad/locations/us-central1/repositories/gcf-artifacts had HTTP Error: 404, Requested entity was not found.","status":404}
[debug] [2025-06-21T23:50:27.797Z] Functions deploy failed.
[debug] [2025-06-21T23:50:27.797Z] {
  "endpoint": {
    "id": "sendDailyVerseUpdate",
    "project": "shepherd-c74ad",
    "region": "us-central1",
    "entryPoint": "sendDailyVerseUpdate",
    "platform": "gcfv1",
    "runtime": "nodejs22",
    "scheduleTrigger": {
      "schedule": "every day 08:00",
      "timeZone": null,
      "retryConfig": {
        "maxBackoffSeconds": null,
        "minBackoffSeconds": null,
        "maxRetrySeconds": null,
        "retryCount": null,
        "maxDoublings": null
      }
    },
    "labels": {
      "deployment-tool": "cli-firebase"
    },
    "serviceAccount": null,
    "ingressSettings": null,
    "availableMemoryMb": null,
    "timeoutSeconds": null,
    "maxInstances": null,
    "minInstances": null,
    "vpc": null,
    "environmentVariables": {
      "FIREBASE_CONFIG": "{\"projectId\":\"shepherd-c74ad\",\"storageBucket\":\"shepherd-c74ad.firebasestorage.app\"}",
      "GCLOUD_PROJECT": "shepherd-c74ad",
      "EVENTARC_CLOUD_EVENT_SOURCE": "projects/shepherd-c74ad/locations/us-central1/functions/sendDailyVerseUpdate"
    },
    "codebase": "default",
    "targetedByOnly": false,
    "hash": "58480d67aad91099137243676ed8f8bba9a03a43"
  },
  "op": "create",
  "original": {
    "name": "FirebaseError",
    "children": [],
    "context": {
      "function": "projects/shepherd-c74ad/locations/us-central1/functions/sendDailyVerseUpdate"
    },
    "exit": 1,
    "message": "Failed to create function projects/shepherd-c74ad/locations/us-central1/functions/sendDailyVerseUpdate",
    "original": {
      "name": "FirebaseError",
      "children": [],
      "context": {
        "body": {
          "error": {
            "code": 400,
            "message": "Failed to create 1st Gen function projects/shepherd-c74ad/locations/us-central1/functions/sendDailyVerseUpdate: runtime: Runtime validation errors: [error_code: INVALID_RUNTIME\nmessage: \"Runtime \\\"nodejs22\\\" is not supported on GCF Gen1\"\n]",
            "status": "INVALID_ARGUMENT"
          }
        },
        "response": {
          "statusCode": 400
        }
      },
      "exit": 1,
      "message": "Request to https://cloudfunctions.googleapis.com/v1/projects/shepherd-c74ad/locations/us-central1/functions had HTTP Error: 400, Failed to create 1st Gen function projects/shepherd-c74ad/locations/us-central1/functions/sendDailyVerseUpdate: runtime: Runtime validation errors: [error_code: INVALID_RUNTIME\nmessage: \"Runtime \\\"nodejs22\\\" is not supported on GCF Gen1\"\n]",
      "status": 400
    },
    "status": 400,
    "code": 400
  }
}
[debug] [2025-06-21T23:50:27.984Z] Error: Failed to create function sendDailyVerseUpdate in region us-central1
    at /Users/dev/.nvm/versions/node/v20.17.0/lib/node_modules/firebase-tools/lib/deploy/functions/release/fabricator.js:52:11
    at process.processTicksAndRejections (node:internal/process/task_queues:95:5)
    at async Fabricator.createV1Function (/Users/dev/.nvm/versions/node/v20.17.0/lib/node_modules/firebase-tools/lib/deploy/functions/release/fabricator.js:182:32)
    at async Fabricator.createEndpoint (/Users/dev/.nvm/versions/node/v20.17.0/lib/node_modules/firebase-tools/lib/deploy/functions/release/fabricator.js:134:13)
    at async handle (/Users/dev/.nvm/versions/node/v20.17.0/lib/node_modules/firebase-tools/lib/deploy/functions/release/fabricator.js:89:17)
[error] 
[error] Error: There was an error deploying functions
