[debug] [2025-05-01T12:11:19.909Z] ----------------------------------------------------------------------
[debug] [2025-05-01T12:11:19.911Z] Command:       /Users/dantekim/.nvm/versions/node/v22.14.0/bin/node /opt/homebrew/bin/firebase init firestore
[debug] [2025-05-01T12:11:19.911Z] CLI Version:   13.16.0
[debug] [2025-05-01T12:11:19.911Z] Platform:      darwin
[debug] [2025-05-01T12:11:19.911Z] Node Version:  v22.14.0
[debug] [2025-05-01T12:11:19.911Z] Time:          Thu May 01 2025 20:11:19 GMT+0800 (Philippine Standard Time)
[debug] [2025-05-01T12:11:19.911Z] ----------------------------------------------------------------------
[debug] 
[debug] [2025-05-01T12:11:19.913Z] >>> [apiv2][query] GET https://firebase-public.firebaseio.com/cli.json [none]
[debug] [2025-05-01T12:11:19.934Z] > command requires scopes: ["email","openid","https://www.googleapis.com/auth/cloudplatformprojects.readonly","https://www.googleapis.com/auth/firebase","https://www.googleapis.com/auth/cloud-platform"]
[debug] [2025-05-01T12:11:19.935Z] > authorizing via signed-in user (hey@dantekim.com)
[info] 
     ######## #### ########  ######## ########     ###     ######  ########
     ##        ##  ##     ## ##       ##     ##  ##   ##  ##       ##
     ######    ##  ########  ######   ########  #########  ######  ######
     ##        ##  ##    ##  ##       ##     ## ##     ##       ## ##
     ##       #### ##     ## ######## ########  ##     ##  ######  ########

You're about to initialize a Firebase project in this directory:

  /Users/dantekim/Documents/Projects/shepherd

[info] 
=== Project Setup
[info] 
[info] First, let's associate this project directory with a Firebase project.
[info] You can create multiple project aliases by running firebase use --add, 
[info] but for now we'll just set up a default project.
[info] 
[debug] [2025-05-01T12:11:20.574Z] <<< [apiv2][status] GET https://firebase-public.firebaseio.com/cli.json 200
[debug] [2025-05-01T12:11:20.574Z] <<< [apiv2][body] GET https://firebase-public.firebaseio.com/cli.json {"cloudBuildErrorAfter":1594252800000,"cloudBuildWarnAfter":1590019200000,"defaultNode10After":1594252800000,"minVersion":"3.0.5","node8DeploysDisabledAfter":1613390400000,"node8RuntimeDisabledAfter":1615809600000,"node8WarnAfter":1600128000000}
[debug] [2025-05-01T12:11:28.850Z] > refreshing access token with scopes: []
[debug] [2025-05-01T12:11:28.850Z] >>> [apiv2][query] POST https://www.googleapis.com/oauth2/v3/token [none]
[debug] [2025-05-01T12:11:28.850Z] >>> [apiv2][body] POST https://www.googleapis.com/oauth2/v3/token [omitted]
[debug] [2025-05-01T12:11:29.050Z] <<< [apiv2][status] POST https://www.googleapis.com/oauth2/v3/token 200
[debug] [2025-05-01T12:11:29.050Z] <<< [apiv2][body] POST https://www.googleapis.com/oauth2/v3/token [omitted]
[debug] [2025-05-01T12:11:29.065Z] >>> [apiv2][query] GET https://firebase.googleapis.com/v1beta1/projects pageSize=100
[debug] [2025-05-01T12:11:29.881Z] <<< [apiv2][status] GET https://firebase.googleapis.com/v1beta1/projects 200
[debug] [2025-05-01T12:11:29.881Z] <<< [apiv2][body] GET https://firebase.googleapis.com/v1beta1/projects [omitted]
[info] i  Using project arise-3b2f1 (arise) 
[info] 
=== Firestore Setup
[debug] [2025-05-01T13:25:42.688Z] > refreshing access token with scopes: []
[debug] [2025-05-01T13:25:42.689Z] >>> [apiv2][query] POST https://www.googleapis.com/oauth2/v3/token [none]
[debug] [2025-05-01T13:25:42.689Z] >>> [apiv2][body] POST https://www.googleapis.com/oauth2/v3/token [omitted]
[debug] [2025-05-01T13:25:42.913Z] <<< [apiv2][status] POST https://www.googleapis.com/oauth2/v3/token 200
[debug] [2025-05-01T13:25:42.914Z] <<< [apiv2][body] POST https://www.googleapis.com/oauth2/v3/token [omitted]
[debug] [2025-05-01T13:25:42.925Z] >>> [apiv2][query] GET https://serviceusage.googleapis.com/v1/projects/arise-3b2f1/services/firestore.googleapis.com [none]
[debug] [2025-05-01T13:25:42.925Z] >>> [apiv2][(partial)header] GET https://serviceusage.googleapis.com/v1/projects/arise-3b2f1/services/firestore.googleapis.com x-goog-quota-user=projects/arise-3b2f1
[debug] [2025-05-01T13:25:44.378Z] <<< [apiv2][status] GET https://serviceusage.googleapis.com/v1/projects/arise-3b2f1/services/firestore.googleapis.com 200
[debug] [2025-05-01T13:25:44.378Z] <<< [apiv2][body] GET https://serviceusage.googleapis.com/v1/projects/arise-3b2f1/services/firestore.googleapis.com [omitted]
[debug] [2025-05-01T13:25:44.378Z] >>> [apiv2][query] GET https://firestore.googleapis.com/v1/projects/arise-3b2f1/databases/(default) [none]
